GET /

200 OK
Set-Cookie: session=674d4b73680a254d2b881823a221ac0558da40e24cb393d39f4539c9229805eb33873047a29a03a6b5206bdd5be1f3914bd04763062925247727d2953b74a7077e47c94b32c5fd246917a2ea0726f36acb4db8ac9390ac810837809f11bc6803639d849d1d43ac0082b7e3aaedfd8174; HttpOnly