▿ Step
  HeadersOpen

▿ Request
  GET /

  (Data, 0 bytes)

▿ Response
  Status 200 OK
  Set-Cookie: session=aGVsbG8td29ybGQ=--4wgeyWTkB2EKsLHYK7Ao1VzjFMXeTLZHXX76XTTOBCw=; HttpOnly