GET /does/not/exist

404 Not Found
Content-Length: 19
Content-Type: text/plain

Unrecognized route!
