▿ Step
  ResponseEnded

▿ Request
  GET /

  (Data, 0 bytes)

▿ Response
  Status 200 OK
  Content-Length: 22
  Content-Type: text/plain

  Recognized route: home
