▿ Step
  ResponseEnded

▿ Request
  GET /episode/ep1-hello-world

  (Data, 0 bytes)

▿ Response
  Status 200 OK
  Content-Length: 44
  Content-Type: text/plain

  Recognized route: episode("ep1-hello-world")
