<html>
  <head>
    <title>
      The Site Title
    </title>
    <style>
      body{background:#f0f0f0}
    </style>
  </head>
  <body class="home" id="home">
    <header class="site-header">
      <a href="/home">
        Home
      </a>
      <nav class="site-nav">
        <div>
          <a href="/episodes">
            Episodes
          </a>
          <a href="/About">
            About
          </a>
        </div>
      </nav>
    </header>
    <main class="page-content">
      <h1 class="page-heading">
        <ul class="episode-list">
          <li>
            <span class="episode-metadata">
              April 27, 2017
            </span>
            <h2>
              <a href="/episode/2">
                Episode #2
              </a>
            </h2>
          </li>
          <li>
            <span class="episode-metadata">
              April 20, 2017
            </span>
            <h2>
              <a href="/episode/1">
                Episode #1
              </a>
            </h2>
          </li>
        </ul>
      </h1>
      <p class="rss-subscribe">
        subscribe 
        <a href="/rss.xml">
          via RSS
        </a>
      </p>
    </main>
    <footer class="site-footer">
      <h2>
        The Site
      </h2>
      <ul>
        <a href="#">
          Contact us
        </a>
        <a href="#">
          About
        </a>
        <a href="#">
          Home
        </a>
      </ul>
      <form id="newsletter-form" action="#" method="POST">
        <h4>
          Sign up for our newsletter!
        </h4>
        <label for="email">
          Email: 
        </label>
        <input type="text" name="email" id="email" value="" />
        <input type="submit" value="Submit" />
      </form>
    </footer>
  </body>
</html>