<p style="color:#ff0000;">
  Welcome to
  <a style="background:#0000ff;">
    Point Free
  </a>
  !
</p>