<html>
  <body>
    <!-- Welcome to our app! -->
    <h1>
      Title
    </h1>
    <p>
      Some text
      <a>
        A link
      </a>
      Some more text...
    </p>
  </body>
</html>