<html id="home">
  <a href="/">
    Go home!
  </a>
</html>