<!DOCTYPE html>
<html>
  <head>
    <title>
      Title
    </title>
  </head>
</html>