<div>
  <script src="app.js">
    
  </script>
  <script>
    alert("Hello!")
  </script>
</div>