▿ MyDate #1 in UrlFormEncodingTests.UrlFormDecoderTests.testDateDecodingWithFormatted() throws -> ()
  ▿ date: 2017-12-31 05:00:00 +0000
    - timeIntervalSinceReferenceDate: 536389200.0
