▿ MyDate #1 in UrlFormEncodingTests.UrlFormDecoderTests.testDateDecodingWithIso8601() throws -> ()
  ▿ date: 2017-12-12 01:36:00 +0000
    - timeIntervalSinceReferenceDate: 534735360.0
