<!DOCTYPE html>
<body>
  <!-- This is gonna be a long comment.
       Let's see what happens! -->
  <div>
    <div id="some-long-id"
         class="foo
                bar
                baz
                class1
                class2
                class3"
         style="color: red;
                background: blue;
                padding: rem(2);">
      hello world
    </div>
    <p>
      goodbye world
    </p>
    <img id="cat"
         class="cat"
         src="cat.jpg" />
  </div>
</body>