Status 200 (ok)
Headers: [
  Hello: World
  Content-Type: text/html; charset=utf8
]
Bytes: 19

<p>Hello, world</p>
