Status 200 (ok)
Headers: [
  Set-Cookie: user_id=123456
  Set-Cookie: lang=es
  Content-Type: text/html; charset=utf8
]
Bytes: 19

<p>Hello, world</p>
