Status 302 (found)
Headers: [
  Pass-through: hello!
]
Bytes: 0