Status 302 (found)
Headers: [
  Location: /sign-in
]
Bytes: 0