Step:
-----
ResponseEnded

Request:
--------
URL: /
Method: GET
Headers: [
  
]
Body: (Data, 0 bytes)

Response:
---------
Status 200 (ok)
Headers: [
  A: Header should be first
  Content-Type: text/html; charset=utf8
  Goodbye: World
  Hello: World
  Z: Header should be last
]
Bytes: 19

<p>Hello, world</p>
