Status 302 (found)
Headers: [
  Pass-through: hello!
  Location: /sign-in
]
Bytes: 0