▿ Step
  ResponseEnded

▿ Request
  GET /

  (Data, 0 bytes)

▿ Response
  Status 200 OK
  Content-Length: 19
  Content-Type: text/html; charset=utf-8

  <p>Hello, world</p>
