Step:
-----
ResponseEnded

Request:
--------
URL: /
Method: GET
Headers: [
  
]
Body: (Data, 0 bytes)

Response:
---------
Status 200 (ok)
Headers: [
  Content-Length: 19
  Content-Type: text/html; charset=utf8
]
Bytes: 19

<p>Hello, world</p>
