Status 302 (found)
Headers: [
  Location: /sign-in
  Pass-through: hello!
]
Bytes: 0