Status 401 (unauthorized)
Headers: [
  Content-Type: text/plain
  WWW-Authenticate: Basic
]
Bytes: 20

Please authenticate.
