GET https://www.pointfree.co

301 Moved Permanently
Location: https://www.pointfree.co