▿ Step
  ResponseEnded

▿ Request
  GET http://pointfree.co

  (Data, 0 bytes)

▿ Response
  Status 301 MOVED PERMANENTLY
  Location: http://www.pointfree.co