▿ Step
  ResponseEnded

▿ Request
  GET https://www.pointfree.co
  X-Forwarded-Proto: https

  (Data, 0 bytes)

▿ Response
  Status 200 OK
  Content-Type: text/html; charset=utf-8

  <p>Hello, world</p>
