â–¿ 2 elements
  - "[Request] GET /"
  - "[Time]    0ms"
