GET /

401 Unauthorized
Content-Length: 20
Content-Type: text/plain
WWW-Authenticate: Basic

Please authenticate.
