▿ Step
  ResponseEnded

▿ Request
  GET http://www.pointfree.co

  (Data, 0 bytes)

▿ Response
  Status 200 OK
  Content-Type: text/html; charset=utf-8

  <p>Hello, world</p>
