Welcome!
========

Welcome to you & who has come here before.

This is a paragraph with _some_ inline formatting and a link <https://example.org>!

Here's an **ordered** list:

  1. Preheat oven.

  2. Mix ingredients.

  3. Order delivery.

And, "unordered":

  - Milk

  - Eggs

  - Coffee

They said:

> Code to the interface you wish you had, not the interface you were given.

