<!DOCTYPE html>
<html>
  <body>
    <!-- This is gonna be a long
         comment. Let's see what
         happens! -->
    <div>
      <div id="some-long-id"
           class="foo
                  bar
                  baz
                  class1
                  class2
                  class3"
           style="color: red;
                  background: blue;
                  padding: rem(2);">
        hello world
      </div>
      <p>
        Tacit programming, also called point-free style, is a programming paradigm in which function definitions do not identify the arguments (or &quot;points&quot;) on which they operate.
      </p>
      <img src="cat.jpg"
           alt=""
           id="cat"
           class="cat">
    </div>
  </body>
</html>